100.02.20 21:02 B C:\Mis documentos\Home Page\FotosPata2000\01.htm --> ftp.sinectis.com.ar /public_html 01.htm
100.02.20 21:02 B C:\Mis documentos\Home Page\FotosPata2000\01.jpg --> ftp.sinectis.com.ar /public_html 01.jpg
100.02.20 21:05 B C:\Mis documentos\Home Page\FotosPata2000\01.htm <-- alec /public_html 01.htm
100.02.20 21:05 B C:\Mis documentos\Home Page\FotosPata2000\thm_01.jpg --> ftp.sinectis.com.ar /public_html thm_01.jpg
100.02.20 21:07 B C:\Mis documentos\Home Page\FotosPata2000\01.jpg <-- alec /public_html 01.jpg
100.02.20 21:08 B C:\Mis documentos\Home Page\FotosPata2000\thm_01.jpg --> ftp.sinectis.com.ar /public_html thm_01.jpg
100.02.20 21:08 B C:\Mis documentos\Home Page\FotosPata2000\thm_10.jpg --> ftp.sinectis.com.ar /public_html thm_10.jpg
100.02.20 21:08 B C:\Mis documentos\Home Page\FotosPata2000\thm_11.jpg --> ftp.sinectis.com.ar /public_html thm_11.jpg
100.02.20 21:08 B C:\Mis documentos\Home Page\FotosPata2000\thm_12.jpg --> ftp.sinectis.com.ar /public_html thm_12.jpg
100.02.20 21:08 B C:\Mis documentos\Home Page\FotosPata2000\thm_13.jpg --> ftp.sinectis.com.ar /public_html thm_13.jpg
100.02.20 21:08 B C:\Mis documentos\Home Page\FotosPata2000\thm_14.jpg --> ftp.sinectis.com.ar /public_html thm_14.jpg
100.02.20 21:08 B C:\Mis documentos\Home Page\FotosPata2000\thm_15.jpg --> ftp.sinectis.com.ar /public_html thm_15.jpg
100.02.20 21:08 B C:\Mis documentos\Home Page\FotosPata2000\thm_16.jpg --> ftp.sinectis.com.ar /public_html thm_16.jpg
100.02.20 21:08 B C:\Mis documentos\Home Page\FotosPata2000\thm_17.jpg --> ftp.sinectis.com.ar /public_html thm_17.jpg
100.02.20 21:08 B C:\Mis documentos\Home Page\FotosPata2000\thm_18.jpg --> ftp.sinectis.com.ar /public_html thm_18.jpg
100.02.20 21:08 B C:\Mis documentos\Home Page\FotosPata2000\thm_19.jpg --> ftp.sinectis.com.ar /public_html thm_19.jpg
100.02.20 21:08 B C:\Mis documentos\Home Page\FotosPata2000\thm_19A.jpg --> ftp.sinectis.com.ar /public_html thm_19A.jpg
100.02.20 21:08 B C:\Mis documentos\Home Page\FotosPata2000\thm_20.jpg --> ftp.sinectis.com.ar /public_html thm_20.jpg
100.02.20 21:08 B C:\Mis documentos\Home Page\FotosPata2000\thm_21.jpg --> ftp.sinectis.com.ar /public_html thm_21.jpg
100.02.20 21:08 B C:\Mis documentos\Home Page\FotosPata2000\thm_22.jpg --> ftp.sinectis.com.ar /public_html thm_22.jpg
100.02.20 21:08 B C:\Mis documentos\Home Page\FotosPata2000\thm_23.jpg --> ftp.sinectis.com.ar /public_html thm_23.jpg
100.02.20 21:08 B C:\Mis documentos\Home Page\FotosPata2000\thm_24.jpg --> ftp.sinectis.com.ar /public_html thm_24.jpg
100.02.20 21:08 B C:\Mis documentos\Home Page\FotosPata2000\thm_26.jpg --> ftp.sinectis.com.ar /public_html thm_26.jpg
100.02.20 21:08 B C:\Mis documentos\Home Page\FotosPata2000\thm_28.jpg --> ftp.sinectis.com.ar /public_html thm_28.jpg
100.02.20 21:08 B C:\Mis documentos\Home Page\FotosPata2000\thm_30.jpg --> ftp.sinectis.com.ar /public_html thm_30.jpg
100.02.20 21:09 B C:\Mis documentos\Home Page\FotosPata2000\thm_31.jpg --> ftp.sinectis.com.ar /public_html thm_31.jpg
100.02.20 21:09 B C:\Mis documentos\Home Page\FotosPata2000\thm_32.jpg --> ftp.sinectis.com.ar /public_html thm_32.jpg
100.02.20 21:09 B C:\Mis documentos\Home Page\FotosPata2000\thm_33.jpg --> ftp.sinectis.com.ar /public_html thm_33.jpg
100.02.20 21:09 B C:\Mis documentos\Home Page\FotosPata2000\thm_34.jpg --> ftp.sinectis.com.ar /public_html thm_34.jpg
100.02.20 21:09 B C:\Mis documentos\Home Page\FotosPata2000\thm_40.jpg --> ftp.sinectis.com.ar /public_html thm_40.jpg
100.02.20 21:09 B C:\Mis documentos\Home Page\FotosPata2000\thm_41.jpg --> ftp.sinectis.com.ar /public_html thm_41.jpg
100.02.20 21:09 B C:\Mis documentos\Home Page\FotosPata2000\thm_42.jpg --> ftp.sinectis.com.ar /public_html thm_42.jpg
100.02.20 21:09 B C:\Mis documentos\Home Page\FotosPata2000\thm_43.jpg --> ftp.sinectis.com.ar /public_html thm_43.jpg
100.02.20 21:09 B C:\Mis documentos\Home Page\FotosPata2000\thm_44.jpg --> ftp.sinectis.com.ar /public_html thm_44.jpg
100.02.20 21:09 B C:\Mis documentos\Home Page\FotosPata2000\thm_45.jpg --> ftp.sinectis.com.ar /public_html thm_45.jpg
100.02.20 21:09 B C:\Mis documentos\Home Page\FotosPata2000\thm_46.jpg --> ftp.sinectis.com.ar /public_html thm_46.jpg
100.02.20 21:09 B C:\Mis documentos\Home Page\FotosPata2000\thm_47.jpg --> ftp.sinectis.com.ar /public_html thm_47.jpg
100.02.20 21:09 B C:\Mis documentos\Home Page\FotosPata2000\thm_48.jpg --> ftp.sinectis.com.ar /public_html thm_48.jpg
100.02.20 21:09 B C:\Mis documentos\Home Page\FotosPata2000\thm_49.jpg --> ftp.sinectis.com.ar /public_html thm_49.jpg
100.02.20 21:09 B C:\Mis documentos\Home Page\FotosPata2000\thm_50.jpg --> ftp.sinectis.com.ar /public_html thm_50.jpg
100.02.20 21:10 B C:\Mis documentos\Home Page\FotosPata2000\02.jpg --> ftp.sinectis.com.ar /public_html 02.jpg
100.02.20 21:10 B C:\Mis documentos\Home Page\FotosPata2000\10.htm --> ftp.sinectis.com.ar /public_html 10.htm
100.02.20 21:10 B C:\Mis documentos\Home Page\FotosPata2000\10.jpg --> ftp.sinectis.com.ar /public_html 10.jpg
100.02.20 21:10 B C:\Mis documentos\Home Page\FotosPata2000\11.htm --> ftp.sinectis.com.ar /public_html 11.htm
100.02.20 21:11 B C:\Mis documentos\Home Page\FotosPata2000\11.jpg --> ftp.sinectis.com.ar /public_html 11.jpg
100.02.20 21:11 B C:\Mis documentos\Home Page\FotosPata2000\12.htm --> ftp.sinectis.com.ar /public_html 12.htm
100.02.20 21:11 B C:\Mis documentos\Home Page\FotosPata2000\12.jpg --> ftp.sinectis.com.ar /public_html 12.jpg
100.02.20 21:11 B C:\Mis documentos\Home Page\FotosPata2000\13.htm --> ftp.sinectis.com.ar /public_html 13.htm
100.02.20 21:11 B C:\Mis documentos\Home Page\FotosPata2000\13.jpg --> ftp.sinectis.com.ar /public_html 13.jpg
100.02.20 21:11 B C:\Mis documentos\Home Page\FotosPata2000\14.htm --> ftp.sinectis.com.ar /public_html 14.htm
100.02.20 21:12 B C:\Mis documentos\Home Page\FotosPata2000\14.jpg --> ftp.sinectis.com.ar /public_html 14.jpg
100.02.20 21:12 B C:\Mis documentos\Home Page\FotosPata2000\15.htm --> ftp.sinectis.com.ar /public_html 15.htm
100.02.20 21:12 B C:\Mis documentos\Home Page\FotosPata2000\15.jpg --> ftp.sinectis.com.ar /public_html 15.jpg
100.02.20 21:12 B C:\Mis documentos\Home Page\FotosPata2000\16.htm --> ftp.sinectis.com.ar /public_html 16.htm
100.02.20 21:12 B C:\Mis documentos\Home Page\FotosPata2000\16.jpg --> ftp.sinectis.com.ar /public_html 16.jpg
100.02.20 21:12 B C:\Mis documentos\Home Page\FotosPata2000\17.htm --> ftp.sinectis.com.ar /public_html 17.htm
100.02.20 21:13 B C:\Mis documentos\Home Page\FotosPata2000\17.jpg --> ftp.sinectis.com.ar /public_html 17.jpg
100.02.20 21:13 B C:\Mis documentos\Home Page\FotosPata2000\18.htm --> ftp.sinectis.com.ar /public_html 18.htm
100.02.20 21:13 B C:\Mis documentos\Home Page\FotosPata2000\18.jpg --> ftp.sinectis.com.ar /public_html 18.jpg
100.02.20 21:13 B C:\Mis documentos\Home Page\FotosPata2000\19.htm --> ftp.sinectis.com.ar /public_html 19.htm
100.02.20 21:13 B C:\Mis documentos\Home Page\FotosPata2000\19.jpg --> ftp.sinectis.com.ar /public_html 19.jpg
100.02.20 21:14 B C:\Mis documentos\Home Page\FotosPata2000\19A.htm --> ftp.sinectis.com.ar /public_html 19A.htm
100.02.20 21:14 B C:\Mis documentos\Home Page\FotosPata2000\19A.jpg --> ftp.sinectis.com.ar /public_html 19A.jpg
100.02.20 21:27 B C:\Mis documentos\Home Page\FotosPata2000\01.htm --> ftp.sinectis.com.ar /public_html 01.htm
100.02.20 21:27 B C:\Mis documentos\Home Page\FotosPata2000\F01.jpg --> ftp.sinectis.com.ar /public_html F01.jpg
100.02.20 21:33 B C:\Mis documentos\Home Page\FotosPata2000\10.htm --> ftp.sinectis.com.ar /public_html 10.htm
100.02.20 21:33 B C:\Mis documentos\Home Page\FotosPata2000\10.jpg --> ftp.sinectis.com.ar /public_html 10.jpg
100.02.20 21:33 B C:\Mis documentos\Home Page\FotosPata2000\11.htm --> ftp.sinectis.com.ar /public_html 11.htm
100.02.20 21:33 B C:\Mis documentos\Home Page\FotosPata2000\11.jpg --> ftp.sinectis.com.ar /public_html 11.jpg
100.02.20 21:34 B C:\Mis documentos\Home Page\FotosPata2000\F10.jpg --> ftp.sinectis.com.ar /public_html F10.jpg
100.02.20 21:35 B C:\Mis documentos\Home Page\FotosPata2000\F11.jpg --> ftp.sinectis.com.ar /public_html F11.jpg
100.02.20 22:03 B C:\Mis documentos\Home Page\FotosPata2000\01.htm --> ftp.sinectis.com.ar /public_html 01.htm
100.02.20 22:03 B C:\Mis documentos\Home Page\FotosPata2000\10.htm --> ftp.sinectis.com.ar /public_html 10.htm
100.02.20 22:03 B C:\Mis documentos\Home Page\FotosPata2000\11.htm --> ftp.sinectis.com.ar /public_html 11.htm
100.02.20 22:03 B C:\Mis documentos\Home Page\FotosPata2000\12.htm --> ftp.sinectis.com.ar /public_html 12.htm
100.02.20 22:03 B C:\Mis documentos\Home Page\FotosPata2000\13.htm --> ftp.sinectis.com.ar /public_html 13.htm
100.02.20 22:03 B C:\Mis documentos\Home Page\FotosPata2000\14.htm --> ftp.sinectis.com.ar /public_html 14.htm
100.02.20 22:03 B C:\Mis documentos\Home Page\FotosPata2000\15.htm --> ftp.sinectis.com.ar /public_html 15.htm
100.02.20 22:03 B C:\Mis documentos\Home Page\FotosPata2000\16.htm --> ftp.sinectis.com.ar /public_html 16.htm
100.02.20 22:03 B C:\Mis documentos\Home Page\FotosPata2000\17.htm --> ftp.sinectis.com.ar /public_html 17.htm
100.02.20 22:03 B C:\Mis documentos\Home Page\FotosPata2000\18.htm --> ftp.sinectis.com.ar /public_html 18.htm
100.02.20 22:03 B C:\Mis documentos\Home Page\FotosPata2000\19.htm --> ftp.sinectis.com.ar /public_html 19.htm
100.02.20 22:03 B C:\Mis documentos\Home Page\FotosPata2000\19A.htm --> ftp.sinectis.com.ar /public_html 19A.htm
100.02.20 22:03 B C:\Mis documentos\Home Page\FotosPata2000\20.htm --> ftp.sinectis.com.ar /public_html 20.htm
100.02.20 22:03 B C:\Mis documentos\Home Page\FotosPata2000\21.htm --> ftp.sinectis.com.ar /public_html 21.htm
100.02.20 22:03 B C:\Mis documentos\Home Page\FotosPata2000\22.htm --> ftp.sinectis.com.ar /public_html 22.htm
100.02.20 22:03 B C:\Mis documentos\Home Page\FotosPata2000\23.htm --> ftp.sinectis.com.ar /public_html 23.htm
100.02.20 22:03 B C:\Mis documentos\Home Page\FotosPata2000\24.htm --> ftp.sinectis.com.ar /public_html 24.htm
100.02.20 22:03 B C:\Mis documentos\Home Page\FotosPata2000\26.htm --> ftp.sinectis.com.ar /public_html 26.htm
100.02.20 22:04 B C:\Mis documentos\Home Page\FotosPata2000\28.htm --> ftp.sinectis.com.ar /public_html 28.htm
100.02.20 22:04 B C:\Mis documentos\Home Page\FotosPata2000\30.htm --> ftp.sinectis.com.ar /public_html 30.htm
100.02.20 22:04 B C:\Mis documentos\Home Page\FotosPata2000\31.htm --> ftp.sinectis.com.ar /public_html 31.htm
100.02.20 22:04 B C:\Mis documentos\Home Page\FotosPata2000\32.htm --> ftp.sinectis.com.ar /public_html 32.htm
100.02.20 22:04 B C:\Mis documentos\Home Page\FotosPata2000\33.htm --> ftp.sinectis.com.ar /public_html 33.htm
100.02.20 22:04 B C:\Mis documentos\Home Page\FotosPata2000\34.htm --> ftp.sinectis.com.ar /public_html 34.htm
100.02.20 22:04 B C:\Mis documentos\Home Page\FotosPata2000\40.htm --> ftp.sinectis.com.ar /public_html 40.htm
100.02.20 22:04 B C:\Mis documentos\Home Page\FotosPata2000\41.htm --> ftp.sinectis.com.ar /public_html 41.htm
100.02.20 22:04 B C:\Mis documentos\Home Page\FotosPata2000\42.htm --> ftp.sinectis.com.ar /public_html 42.htm
100.02.20 22:04 B C:\Mis documentos\Home Page\FotosPata2000\43.htm --> ftp.sinectis.com.ar /public_html 43.htm
100.02.20 22:04 B C:\Mis documentos\Home Page\FotosPata2000\44.htm --> ftp.sinectis.com.ar /public_html 44.htm
100.02.20 22:04 B C:\Mis documentos\Home Page\FotosPata2000\45.htm --> ftp.sinectis.com.ar /public_html 45.htm
100.02.20 22:04 B C:\Mis documentos\Home Page\FotosPata2000\46.htm --> ftp.sinectis.com.ar /public_html 46.htm
100.02.20 22:04 B C:\Mis documentos\Home Page\FotosPata2000\47.htm --> ftp.sinectis.com.ar /public_html 47.htm
100.02.20 22:04 B C:\Mis documentos\Home Page\FotosPata2000\48.htm --> ftp.sinectis.com.ar /public_html 48.htm
100.02.20 22:04 B C:\Mis documentos\Home Page\FotosPata2000\49.htm --> ftp.sinectis.com.ar /public_html 49.htm
100.02.20 22:04 B C:\Mis documentos\Home Page\FotosPata2000\50.htm --> ftp.sinectis.com.ar /public_html 50.htm
100.02.20 22:05 B C:\Mis documentos\Home Page\FotosPata2000\F01.jpg --> ftp.sinectis.com.ar /public_html F01.jpg
100.02.20 22:05 B C:\Mis documentos\Home Page\FotosPata2000\F10.jpg --> ftp.sinectis.com.ar /public_html F10.jpg
100.02.20 22:05 B C:\Mis documentos\Home Page\FotosPata2000\F11.jpg --> ftp.sinectis.com.ar /public_html F11.jpg
100.02.20 22:06 B C:\Mis documentos\Home Page\FotosPata2000\F12.jpg --> ftp.sinectis.com.ar /public_html F12.jpg
100.02.20 22:06 B C:\Mis documentos\Home Page\FotosPata2000\F13.jpg --> ftp.sinectis.com.ar /public_html F13.jpg
100.02.20 22:06 B C:\Mis documentos\Home Page\FotosPata2000\F14.jpg --> ftp.sinectis.com.ar /public_html F14.jpg
100.02.20 22:07 B C:\Mis documentos\Home Page\FotosPata2000\F15.jpg --> ftp.sinectis.com.ar /public_html F15.jpg
100.02.20 22:07 B C:\Mis documentos\Home Page\FotosPata2000\F16.jpg --> ftp.sinectis.com.ar /public_html F16.jpg
100.02.20 22:08 B C:\Mis documentos\Home Page\FotosPata2000\F17.jpg --> ftp.sinectis.com.ar /public_html F17.jpg
100.02.20 22:08 B C:\Mis documentos\Home Page\FotosPata2000\F18.jpg --> ftp.sinectis.com.ar /public_html F18.jpg
100.02.20 22:08 B C:\Mis documentos\Home Page\FotosPata2000\F19.jpg --> ftp.sinectis.com.ar /public_html F19.jpg
100.02.20 22:09 B C:\Mis documentos\Home Page\FotosPata2000\F19A.jpg --> ftp.sinectis.com.ar /public_html F19A.jpg
100.02.20 22:09 B C:\Mis documentos\Home Page\FotosPata2000\F20.jpg --> ftp.sinectis.com.ar /public_html F20.jpg
100.02.20 22:09 B C:\Mis documentos\Home Page\FotosPata2000\F21.jpg --> ftp.sinectis.com.ar /public_html F21.jpg
100.02.20 22:10 B C:\Mis documentos\Home Page\FotosPata2000\F22.jpg --> ftp.sinectis.com.ar /public_html F22.jpg
100.02.20 22:10 B C:\Mis documentos\Home Page\FotosPata2000\F23.jpg --> ftp.sinectis.com.ar /public_html F23.jpg
100.02.20 22:10 B C:\Mis documentos\Home Page\FotosPata2000\F24.jpg --> ftp.sinectis.com.ar /public_html F24.jpg
100.02.20 22:11 B C:\Mis documentos\Home Page\FotosPata2000\F26.jpg --> ftp.sinectis.com.ar /public_html F26.jpg
100.02.20 22:11 B C:\Mis documentos\Home Page\FotosPata2000\F28.jpg --> ftp.sinectis.com.ar /public_html F28.jpg
100.02.20 22:11 B C:\Mis documentos\Home Page\FotosPata2000\F30.jpg --> ftp.sinectis.com.ar /public_html F30.jpg
100.02.20 22:11 B C:\Mis documentos\Home Page\FotosPata2000\F31.jpg --> ftp.sinectis.com.ar /public_html F31.jpg
100.02.20 22:11 B C:\Mis documentos\Home Page\FotosPata2000\F32.jpg --> ftp.sinectis.com.ar /public_html F32.jpg
100.02.20 22:12 B C:\Mis documentos\Home Page\FotosPata2000\F33.jpg --> ftp.sinectis.com.ar /public_html F33.jpg
100.02.20 22:12 B C:\Mis documentos\Home Page\FotosPata2000\F34.jpg --> ftp.sinectis.com.ar /public_html F34.jpg
100.02.20 22:12 B C:\Mis documentos\Home Page\FotosPata2000\F40.jpg --> ftp.sinectis.com.ar /public_html F40.jpg
100.02.20 22:13 B C:\Mis documentos\Home Page\FotosPata2000\F41.jpg --> ftp.sinectis.com.ar /public_html F41.jpg
100.02.20 22:13 B C:\Mis documentos\Home Page\FotosPata2000\F42.jpg --> ftp.sinectis.com.ar /public_html F42.jpg
100.02.20 22:14 B C:\Mis documentos\Home Page\FotosPata2000\F43.jpg --> ftp.sinectis.com.ar /public_html F43.jpg
100.02.20 22:14 B C:\Mis documentos\Home Page\FotosPata2000\F44.jpg --> ftp.sinectis.com.ar /public_html F44.jpg
100.02.20 22:15 B C:\Mis documentos\Home Page\FotosPata2000\F45.jpg --> ftp.sinectis.com.ar /public_html F45.jpg
100.02.20 22:15 B C:\Mis documentos\Home Page\FotosPata2000\F46.jpg --> ftp.sinectis.com.ar /public_html F46.jpg
100.02.20 22:16 B C:\Mis documentos\Home Page\FotosPata2000\F47.jpg --> ftp.sinectis.com.ar /public_html F47.jpg
100.02.20 22:16 B C:\Mis documentos\Home Page\FotosPata2000\F48.jpg --> ftp.sinectis.com.ar /public_html F48.jpg
100.02.20 22:16 B C:\Mis documentos\Home Page\FotosPata2000\F49.jpg --> ftp.sinectis.com.ar /public_html F49.jpg
100.02.20 22:16 B C:\Mis documentos\Home Page\FotosPata2000\F50.jpg --> ftp.sinectis.com.ar /public_html F50.jpg
100.02.20 22:27 B C:\Mis documentos\Home Page\FotosPata2000\11.htm --> ftp.sinectis.com.ar /public_html 11.htm
100.02.20 22:30 B C:\Mis documentos\Home Page\FotosPata2000\11.htm --> ftp.sinectis.com.ar /public_html 11.htm
100.02.20 22:36 B C:\Mis documentos\Home Page\FotosPata2000\11.htm --> ftp.sinectis.com.ar /public_html 11.htm
100.02.20 22:36 B C:\Mis documentos\Home Page\FotosPata2000\19A.htm --> ftp.sinectis.com.ar /public_html 19A.htm
100.02.20 22:36 B C:\Mis documentos\Home Page\FotosPata2000\20.htm --> ftp.sinectis.com.ar /public_html 20.htm
100.02.20 22:36 B C:\Mis documentos\Home Page\FotosPata2000\23.htm --> ftp.sinectis.com.ar /public_html 23.htm
100.02.20 22:36 B C:\Mis documentos\Home Page\FotosPata2000\42.htm --> ftp.sinectis.com.ar /public_html 42.htm
100.02.20 23:13 B C:\Mis documentos\Home Page\FotosPata2000\23.htm --> ftp.sinectis.com.ar /public_html 23.htm
100.02.20 23:13 B C:\Mis documentos\Home Page\FotosPata2000\48.htm --> ftp.sinectis.com.ar /public_html 48.htm
100.02.20 23:13 B C:\Mis documentos\Home Page\FotosPata2000\f48NN.JPG --> ftp.sinectis.com.ar /public_html f48NN.JPG
100.02.20 23:14 B C:\Mis documentos\Home Page\FotosPata2000\F23.jpg --> ftp.sinectis.com.ar /public_html F23.jpg
