100.09.24 15:41 B C:\Mis documentos\Home Page\Calilegua\SafariNOA.htm --> ftp.sinectis.com.ar /public_html/Calilegua SafariNOA.htm
100.09.24 15:41 B C:\Mis documentos\Home Page\Calilegua\Cap1.htm --> ftp.sinectis.com.ar /public_html/Calilegua Cap1.htm
100.09.24 15:42 B C:\Mis documentos\Home Page\Calilegua\Cap2.htm --> ftp.sinectis.com.ar /public_html/Calilegua Cap2.htm
100.09.24 15:42 B C:\Mis documentos\Home Page\Calilegua\Cap3.htm --> ftp.sinectis.com.ar /public_html/Calilegua Cap3.htm
100.09.24 15:42 B C:\Mis documentos\Home Page\Calilegua\Cap4.htm --> ftp.sinectis.com.ar /public_html/Calilegua Cap4.htm
100.09.24 15:42 B C:\Mis documentos\Home Page\Calilegua\Cap5.htm --> ftp.sinectis.com.ar /public_html/Calilegua Cap5.htm
100.09.24 15:42 B C:\Mis documentos\Home Page\Calilegua\Cap6.htm --> ftp.sinectis.com.ar /public_html/Calilegua Cap6.htm
100.09.24 15:42 B C:\Mis documentos\Home Page\Calilegua\Cap7.htm --> ftp.sinectis.com.ar /public_html/Calilegua Cap7.htm
100.09.24 15:42 B C:\Mis documentos\Home Page\Calilegua\Cap8.htm --> ftp.sinectis.com.ar /public_html/Calilegua Cap8.htm
100.09.24 15:42 B C:\Mis documentos\Home Page\Calilegua\Cap9.htm --> ftp.sinectis.com.ar /public_html/Calilegua Cap9.htm
100.09.24 15:43 B C:\Mis documentos\Home Page\Calilegua\Montana.jpg --> ftp.sinectis.com.ar /public_html/Calilegua Montana.jpg
100.09.24 15:44 B C:\Mis documentos\Home Page\Calilegua\Pulpo.jpg --> ftp.sinectis.com.ar /public_html/Calilegua Pulpo.jpg
100.09.24 15:44 B C:\Mis documentos\Home Page\Calilegua\SanLoren.jpg --> ftp.sinectis.com.ar /public_html/Calilegua SanLoren.jpg
100.09.24 15:46 B C:\Mis documentos\Home Page\Calilegua\cania1.jpg --> ftp.sinectis.com.ar /public_html/Calilegua cania1.jpg
100.09.24 15:46 B C:\Mis documentos\Home Page\Calilegua\Observe.jpg --> ftp.sinectis.com.ar /public_html/Calilegua Observe.jpg
100.09.24 15:46 B C:\Mis documentos\Home Page\Calilegua\Calilegua.jpg --> ftp.sinectis.com.ar /public_html/Calilegua Calilegua.jpg
100.09.24 15:46 B C:\Mis documentos\Home Page\Calilegua\Huella.jpg --> ftp.sinectis.com.ar /public_html/Calilegua Huella.jpg
100.09.24 15:48 B C:\Mis documentos\Home Page\Calilegua\arbol.jpg --> ftp.sinectis.com.ar /public_html/Calilegua arbol.jpg
100.09.24 15:49 B C:\Mis documentos\Home Page\Calilegua\bosque.jpg --> ftp.sinectis.com.ar /public_html/Calilegua bosque.jpg
100.09.24 15:49 B C:\Mis documentos\Home Page\Calilegua\cruce.jpg --> ftp.sinectis.com.ar /public_html/Calilegua cruce.jpg
100.09.24 15:49 B C:\Mis documentos\Home Page\Calilegua\helecho.jpg --> ftp.sinectis.com.ar /public_html/Calilegua helecho.jpg
100.09.24 15:49 B C:\Mis documentos\Home Page\Calilegua\negrito.jpg --> ftp.sinectis.com.ar /public_html/Calilegua negrito.jpg
100.09.24 15:49 B C:\Mis documentos\Home Page\Calilegua\rioSL.jpg --> ftp.sinectis.com.ar /public_html/Calilegua rioSL.jpg
100.09.24 15:50 B C:\Mis documentos\Home Page\Calilegua\tataupa.jpg --> ftp.sinectis.com.ar /public_html/Calilegua tataupa.jpg
100.09.24 15:52 B C:\Mis documentos\Home Page\Calilegua\bus.jpg --> ftp.sinectis.com.ar /public_html/Calilegua bus.jpg
100.09.24 15:52 B C:\Mis documentos\Home Page\Calilegua\camino.jpg --> ftp.sinectis.com.ar /public_html/Calilegua camino.jpg
100.09.24 15:52 B C:\Mis documentos\Home Page\Calilegua\grupo.jpg --> ftp.sinectis.com.ar /public_html/Calilegua grupo.jpg
100.09.24 15:52 B C:\Mis documentos\Home Page\Calilegua\ingenio.jpg --> ftp.sinectis.com.ar /public_html/Calilegua ingenio.jpg
100.09.24 15:52 B C:\Mis documentos\Home Page\Calilegua\selva1.jpg --> ftp.sinectis.com.ar /public_html/Calilegua selva1.jpg
100.09.24 15:54 B C:\Mis documentos\Home Page\Calilegua\Monolito.jpg --> ftp.sinectis.com.ar /public_html/Calilegua Monolito.jpg
100.09.24 15:54 B C:\Mis documentos\Home Page\Calilegua\sevendillo.jpg --> ftp.sinectis.com.ar /public_html/Calilegua sevendillo.jpg
100.09.24 15:54 B C:\Mis documentos\Home Page\Calilegua\cania2.jpg --> ftp.sinectis.com.ar /public_html/Calilegua cania2.jpg
100.09.24 15:55 B C:\Mis documentos\Home Page\Calilegua\quebrada.jpg --> ftp.sinectis.com.ar /public_html/Calilegua quebrada.jpg
100.09.24 15:56 B C:\Mis documentos\Home Page\Calilegua\Sebastiana.jpg --> ftp.sinectis.com.ar /public_html/Calilegua Sebastiana.jpg
100.09.24 15:57 B C:\Mis documentos\Home Page\Calilegua\cardon1.jpg --> ftp.sinectis.com.ar /public_html/Calilegua cardon1.jpg
100.09.24 15:57 B C:\Mis documentos\Home Page\Calilegua\tinaja.jpg --> ftp.sinectis.com.ar /public_html/Calilegua tinaja.jpg
100.09.24 16:03 B C:\Mis documentos\Home Page\Calilegua\Safari-al-NOA-SinFotos-rtf.rtf --> ftp.sinectis.com.ar /public_html Safari-al-NOA-SinFotos-rtf.rtf
100.09.24 16:12 B C:\Mis documentos\Home Page\Calilegua\Safari-al-NOA.doc --> ftp.sinectis.com.ar /public_html Safari-al-NOA.doc
100.09.24 16:12 B C:\Mis documentos\Home Page\Calilegua\SafariNOA.htm --> ftp.sinectis.com.ar /public_html SafariNOA.htm
100.09.24 16:15 B C:\Mis documentos\Home Page\Calilegua\SafariNOA.htm --> ftp.sinectis.com.ar /public_html/Calilegua SafariNOA.htm
100.09.24 16:47 B C:\Mis documentos\Home Page\Calilegua\Poma.htm --> ftp.sinectis.com.ar /public_html/Calilegua Poma.htm
100.09.24 16:47 B C:\Mis documentos\Home Page\Calilegua\Cap6.htm --> ftp.sinectis.com.ar /public_html/Calilegua Cap6.htm
100.09.24 16:47 B C:\Mis documentos\Home Page\Calilegua\SafariNOA.htm --> ftp.sinectis.com.ar /public_html/Calilegua SafariNOA.htm
100.09.24 16:49 B C:\Mis documentos\Home Page\Calilegua\Poma.htm --> ftp.sinectis.com.ar /public_html/Calilegua Poma.htm
100.09.24 17:08 B C:\Mis documentos\Home Page\Calilegua\Poma.htm --> ftp.sinectis.com.ar /public_html/Calilegua Poma.htm
100.09.24 17:09 B C:\Mis documentos\Home Page\Calilegua\Cap6.htm --> ftp.sinectis.com.ar /public_html/Calilegua Cap6.htm
100.09.24 17:39 B C:\Mis documentos\Home Page\Calilegua\Cap1.htm --> ftp.sinectis.com.ar /public_html/Calilegua Cap1.htm
100.09.24 20:39 B C:\Mis documentos\Home Page\Calilegua\Cap1.htm --> ftp.sinectis.com.ar /public_html/Calilegua Cap1.htm
100.09.24 20:39 B C:\Mis documentos\Home Page\Calilegua\Cap2.htm --> ftp.sinectis.com.ar /public_html/Calilegua Cap2.htm
100.09.24 20:39 B C:\Mis documentos\Home Page\Calilegua\Cap5.htm --> ftp.sinectis.com.ar /public_html/Calilegua Cap5.htm
100.09.24 20:39 B C:\Mis documentos\Home Page\Calilegua\Cap8.htm --> ftp.sinectis.com.ar /public_html/Calilegua Cap8.htm
100.09.24 20:40 B C:\Mis documentos\Home Page\Calilegua\Poma.doc --> ftp.sinectis.com.ar /public_html/Calilegua Poma.doc
100.09.24 20:44 B C:\Mis documentos\Home Page\Calilegua\SafariNOA.htm --> ftp.sinectis.com.ar /public_html/Calilegua SafariNOA.htm
100.09.24 20:44 B C:\Mis documentos\Home Page\Calilegua\Safari-al-NOA-SinFotos-rtf.rtf --> ftp.sinectis.com.ar /public_html/Calilegua Safari-al-NOA-SinFotos-rtf.rtf
100.09.24 20:49 B C:\Mis documentos\Home Page\Calilegua\Safari-al-NOA.doc --> ftp.sinectis.com.ar /public_html/Calilegua Safari-al-NOA.doc
100.09.25 08:21 B C:\Mis documentos\Home Page\Calilegua\Safari-al-NOA-SinFotos-rtf.zip --> ftp.sinectis.com.ar /public_html/Calilegua Safari-al-NOA-SinFotos-rtf.zip
100.09.25 08:28 B C:\Mis documentos\Home Page\Calilegua\Safari-al-NOA.zip --> ftp.sinectis.com.ar /public_html/Calilegua Safari-al-NOA.zip
100.09.25 08:45 B C:\Mis documentos\Home Page\Calilegua\Safari-al-NOA.zip --> ftp.sinectis.com.ar /public_html/Calilegua Safari-al-NOA.zip
100.09.25 08:46 B C:\Mis documentos\Home Page\Calilegua\SafariNOA.htm --> ftp.sinectis.com.ar /public_html/Calilegua SafariNOA.htm
