100.04.06 00:04 B C:\BIRDS\Iberá\ATI.htm --> ftp.sinectis.com.ar /public_html/ibera ATI.htm
100.04.06 00:04 B C:\BIRDS\Iberá\Ati.jpg --> ftp.sinectis.com.ar /public_html/ibera Ati.jpg
100.04.08 09:46 B C:\Mis documentos\Home Page\Iberá\ATI.htm --> ftp.sinectis.com.ar /public_html/ibera ATI.htm
100.04.08 09:46 B C:\Mis documentos\Home Page\Iberá\Ati.jpg --> ftp.sinectis.com.ar /public_html/ibera Ati.jpg
100.04.08 09:46 B C:\Mis documentos\Home Page\Iberá\CARP.htm --> ftp.sinectis.com.ar /public_html/ibera CARP.htm
100.04.08 09:46 B C:\Mis documentos\Home Page\Iberá\Carp.jpg --> ftp.sinectis.com.ar /public_html/ibera Carp.jpg
100.04.08 09:46 B C:\Mis documentos\Home Page\Iberá\CHI.htm --> ftp.sinectis.com.ar /public_html/ibera CHI.htm
100.04.08 09:46 B C:\Mis documentos\Home Page\Iberá\Chi.jpg --> ftp.sinectis.com.ar /public_html/ibera Chi.jpg
100.04.08 09:46 B C:\Mis documentos\Home Page\Iberá\GRUP.htm --> ftp.sinectis.com.ar /public_html/ibera GRUP.htm
100.04.08 09:47 B C:\Mis documentos\Home Page\Iberá\Grup.jpg --> ftp.sinectis.com.ar /public_html/ibera Grup.jpg
100.04.08 09:47 B C:\Mis documentos\Home Page\Iberá\IberaF.htm --> ftp.sinectis.com.ar /public_html/ibera IberaF.htm
100.04.08 09:47 B C:\Mis documentos\Home Page\Iberá\LAV1.htm --> ftp.sinectis.com.ar /public_html/ibera LAV1.htm
100.04.08 09:47 B C:\Mis documentos\Home Page\Iberá\Lav1.jpg --> ftp.sinectis.com.ar /public_html/ibera Lav1.jpg
100.04.08 09:47 B C:\Mis documentos\Home Page\Iberá\LAV2.htm --> ftp.sinectis.com.ar /public_html/ibera LAV2.htm
100.04.08 09:47 B C:\Mis documentos\Home Page\Iberá\Lav2.jpg --> ftp.sinectis.com.ar /public_html/ibera Lav2.jpg
100.04.08 09:47 B C:\Mis documentos\Home Page\Iberá\LAV3.htm --> ftp.sinectis.com.ar /public_html/ibera LAV3.htm
100.04.08 09:48 B C:\Mis documentos\Home Page\Iberá\Lav3.jpg --> ftp.sinectis.com.ar /public_html/ibera Lav3.jpg
100.04.08 09:48 B C:\Mis documentos\Home Page\Iberá\RAT.htm --> ftp.sinectis.com.ar /public_html/ibera RAT.htm
100.04.08 09:48 B C:\Mis documentos\Home Page\Iberá\Rat.jpg --> ftp.sinectis.com.ar /public_html/ibera Rat.jpg
100.04.08 09:48 B C:\Mis documentos\Home Page\Iberá\RICK.htm --> ftp.sinectis.com.ar /public_html/ibera RICK.htm
100.04.08 09:48 B C:\Mis documentos\Home Page\Iberá\Rick.jpg --> ftp.sinectis.com.ar /public_html/ibera Rick.jpg
100.04.08 09:49 B C:\Mis documentos\Home Page\Iberá\RUTA.htm --> ftp.sinectis.com.ar /public_html/ibera RUTA.htm
100.04.08 09:49 B C:\Mis documentos\Home Page\Iberá\Ruta.jpg --> ftp.sinectis.com.ar /public_html/ibera Ruta.jpg
100.04.08 09:49 B C:\Mis documentos\Home Page\Iberá\thm_ATI.jpg --> ftp.sinectis.com.ar /public_html/ibera thm_ATI.jpg
100.04.08 09:49 B C:\Mis documentos\Home Page\Iberá\thm_CARP.jpg --> ftp.sinectis.com.ar /public_html/ibera thm_CARP.jpg
100.04.08 09:49 B C:\Mis documentos\Home Page\Iberá\thm_CHI.jpg --> ftp.sinectis.com.ar /public_html/ibera thm_CHI.jpg
100.04.08 09:49 B C:\Mis documentos\Home Page\Iberá\thm_GRUP.jpg --> ftp.sinectis.com.ar /public_html/ibera thm_GRUP.jpg
100.04.08 09:49 B C:\Mis documentos\Home Page\Iberá\thm_LAV1.jpg --> ftp.sinectis.com.ar /public_html/ibera thm_LAV1.jpg
100.04.08 09:49 B C:\Mis documentos\Home Page\Iberá\thm_LAV2.jpg --> ftp.sinectis.com.ar /public_html/ibera thm_LAV2.jpg
100.04.08 09:49 B C:\Mis documentos\Home Page\Iberá\thm_LAV3.jpg --> ftp.sinectis.com.ar /public_html/ibera thm_LAV3.jpg
100.04.08 09:49 B C:\Mis documentos\Home Page\Iberá\thm_RAT.jpg --> ftp.sinectis.com.ar /public_html/ibera thm_RAT.jpg
100.04.08 09:49 B C:\Mis documentos\Home Page\Iberá\thm_RICK.jpg --> ftp.sinectis.com.ar /public_html/ibera thm_RICK.jpg
100.04.08 09:49 B C:\Mis documentos\Home Page\Iberá\thm_RUTA.jpg --> ftp.sinectis.com.ar /public_html/ibera thm_RUTA.jpg
100.04.08 09:49 B C:\Mis documentos\Home Page\Iberá\thm_YA1.jpg --> ftp.sinectis.com.ar /public_html/ibera thm_YA1.jpg
100.04.08 09:49 B C:\Mis documentos\Home Page\Iberá\thm_YA2.jpg --> ftp.sinectis.com.ar /public_html/ibera thm_YA2.jpg
100.04.08 09:49 B C:\Mis documentos\Home Page\Iberá\thm_YAC.jpg --> ftp.sinectis.com.ar /public_html/ibera thm_YAC.jpg
100.04.08 09:49 B C:\Mis documentos\Home Page\Iberá\thm_YANI.jpg --> ftp.sinectis.com.ar /public_html/ibera thm_YANI.jpg
100.04.08 09:49 B C:\Mis documentos\Home Page\Iberá\thm_YAOV.jpg --> ftp.sinectis.com.ar /public_html/ibera thm_YAOV.jpg
100.04.08 09:50 B C:\Mis documentos\Home Page\Iberá\Tort.jpg --> ftp.sinectis.com.ar /public_html/ibera Tort.jpg
100.04.08 09:50 B C:\Mis documentos\Home Page\Iberá\YA1.htm --> ftp.sinectis.com.ar /public_html/ibera YA1.htm
100.04.08 09:50 B C:\Mis documentos\Home Page\Iberá\Ya1.JPG --> ftp.sinectis.com.ar /public_html/ibera Ya1.JPG
100.04.08 09:50 B C:\Mis documentos\Home Page\Iberá\YA2.htm --> ftp.sinectis.com.ar /public_html/ibera YA2.htm
100.04.08 09:50 B C:\Mis documentos\Home Page\Iberá\Ya2.jpg --> ftp.sinectis.com.ar /public_html/ibera Ya2.jpg
100.04.08 09:50 B C:\Mis documentos\Home Page\Iberá\YAC.htm --> ftp.sinectis.com.ar /public_html/ibera YAC.htm
100.04.08 09:51 B C:\Mis documentos\Home Page\Iberá\Yac.jpg --> ftp.sinectis.com.ar /public_html/ibera Yac.jpg
100.04.08 09:51 B C:\Mis documentos\Home Page\Iberá\YANI.htm --> ftp.sinectis.com.ar /public_html/ibera YANI.htm
100.04.08 09:51 B C:\Mis documentos\Home Page\Iberá\YaNi.jpg --> ftp.sinectis.com.ar /public_html/ibera YaNi.jpg
100.04.08 09:51 B C:\Mis documentos\Home Page\Iberá\YAOV.htm --> ftp.sinectis.com.ar /public_html/ibera YAOV.htm
100.04.08 09:51 B C:\Mis documentos\Home Page\Iberá\Yaov.jpg --> ftp.sinectis.com.ar /public_html/ibera Yaov.jpg
100.04.08 10:16 B C:\Mis documentos\Home Page\ibera\Ibera1.htm --> ftp.sinectis.com.ar /public_html/ibera Ibera1.htm
100.04.08 10:34 B C:\Mis documentos\Home Page\ibera\IberaF.htm --> ftp.sinectis.com.ar /public_html IberaF.htm
100.04.08 10:35 B C:\Mis documentos\Home Page\ibera\IberaF.htm --> ftp.sinectis.com.ar /public_html/ibera IberaF.htm
100.04.08 10:38 B C:\Mis documentos\Home Page\ibera\IberaF.htm --> ftp.sinectis.com.ar /public_html/ibera IberaF.htm
100.04.08 10:40 B C:\Mis documentos\Home Page\ibera\IberaF.htm --> ftp.sinectis.com.ar /public_html/ibera IberaF.htm
